[Licensing::Module] Trying to connect to existing licensing client channel...
Built from '6000.5/staging' branch; Version is '6000.5.2f1 (eb73d3b415a1) revision 15430611'; Using compiler version '194234433'; Build Type 'Release'
OS: 'Windows 11  (10.0.26200) CoreSingleLanguage' Language: 'en' Physical Memory: 16106 MB
[Licensing::IpcConnector] Successfully connected to: "LicenseClient-Asus" at "2026-09-06T03:04:48.0549493Z"
BatchMode: 1, IsHumanControllingUs: 0, StartBugReporterOnCrash: 0, Is64bit: 1
System  architecture: x64
Process architecture: x64
Date: 2026-09-06T03:04:48Z

COMMAND LINE ARGUMENTS:
C:\Program Files\Unity\Hub\Editor\6000.5.2f1\Editor\Unity.exe
-adb2
-batchMode
-noUpm
-name
AssetImportWorkerHW1
-projectPath
C:/Users/Asus/Desktop/DMT321-HW/DMT321_Lab03_Unity6_5
-logFile
Logs/AssetImportWorkerHW1.log
-srvPort
56141
-parentPid
16644
-analyticsCloudUserId
18968317507188
-analyticsLocalProjectId
3b2634b46b5644923ad10d5fcee8a48a
-licensingIpc
LicenseClient-Asus
-noDiagnosticSwitchPersistentStore
-job-worker-count
5
-background-job-worker-count
8
-asset-garbage-collectors
1
-force-d3d12
-name
AssetImport
Successfully changed project path to: C:/Users/Asus/Desktop/DMT321-HW/DMT321_Lab03_Unity6_5
C:/Users/Asus/Desktop/DMT321-HW/DMT321_Lab03_Unity6_5
[UnityMemory] Configuration Parameters - Can be set up in boot.config
    "memorysetup-temp-allocator-size-gi-baking-worker=262144"
    "memorysetup-temp-allocator-size-gi-baking-worker=262144"
    "memorysetup-temp-allocator-size-gi-baking-worker=262144"
    "memorysetup-temp-allocator-size-gi-baking-worker=262144"
    "memorysetup-temp-allocator-size-gi-baking-worker=262144"
    "memorysetup-temp-allocator-size-nav-mesh-worker=65536"
    "memorysetup-temp-allocator-size-audio-worker=65536"
    "memorysetup-temp-allocator-size-cloud-worker=32768"
    "memorysetup-temp-allocator-size-gfx=262144"
    "memorysetup-temp-allocator-size-preload-manager=33554432"
    "memorysetup-allocator-temp-initial-block-size-main=262144"
    "memorysetup-allocator-temp-initial-block-size-worker=262144"
    "memorysetup-temp-allocator-size-job-worker=262144"
    "memorysetup-temp-allocator-size-background-worker=32768"
    "memorysetup-bucket-allocator-granularity=16"
    "memorysetup-bucket-allocator-bucket-count=8"
    "memorysetup-bucket-allocator-block-size=33554432"
    "memorysetup-bucket-allocator-block-count=8"
    "memorysetup-main-allocator-block-size=16777216"
    "memorysetup-thread-allocator-block-size=16777216"
    "memorysetup-main-allocator-mimalloc-enabled=0"
    "memorysetup-gfx-main-allocator-block-size=16777216"
    "memorysetup-gfx-thread-allocator-block-size=16777216"
    "memorysetup-cache-allocator-block-size=4194304"
    "memorysetup-typetree-allocator-block-size=2097152"
    "memorysetup-profiler-bucket-allocator-granularity=16"
    "memorysetup-profiler-bucket-allocator-bucket-count=8"
    "memorysetup-profiler-bucket-allocator-block-size=33554432"
    "memorysetup-profiler-bucket-allocator-block-count=8"
    "memorysetup-profiler-allocator-block-size=16777216"
    "memorysetup-profiler-editor-allocator-block-size=1048576"
    "memorysetup-temp-allocator-size-main=16777216"
    "memorysetup-job-temp-allocator-block-size=2097152"
    "memorysetup-job-temp-allocator-block-size-background=1048576"
    "memorysetup-job-temp-allocator-reduction-small-platforms=262144"
Player connection [4276]  Target information:

Player connection [4276]  * "[IP] 192.168.1.105 [Port] 0 [Flags] 2 [Guid] 1198010912 [EditorId] 1198010912 [Version] 1048832 [Id] WindowsEditor(7,LAPTOP-304ELUFL) [Debug] 1 [PackageName] WindowsEditor [ProjectName] Editor" 

Player connection [4276]  * "[IP] 26.209.92.76 [Port] 0 [Flags] 2 [Guid] 1198010912 [EditorId] 1198010912 [Version] 1048832 [Id] WindowsEditor(7,LAPTOP-304ELUFL) [Debug] 1 [PackageName] WindowsEditor [ProjectName] Editor" 

Player connection [4276] Host joined multi-casting on [225.0.0.222:54997]...
Player connection [4276] Host joined alternative multi-casting on [225.0.0.222:34997]...
JobSystem: Creating JobQueue using job-worker-count value 5
Input System module state changed to: Initialized.
[Physics::Module] Initialized fallback backend.
[Physics::Module] Id: 0xdecafbad
Library Redirect Path: Library/
[Physics::Module] Selected backend.
[Physics::Module] Name: PhysX
[Physics::Module] Id: 0xf2b8ea05
[Physics::Module] SDK Version: 4.1.2
[Physics::Module] Integration Version: 1.0.0
[Physics::Module] Threading Mode: Multi-Threaded
Initialize engine version: 6000.5.2f1 (eb73d3b415a1)
[Subsystems] Discovering subsystems at path C:/Program Files/Unity/Hub/Editor/6000.5.2f1/Editor/Data/Resources/UnitySubsystems
[Subsystems] Discovering subsystems at path C:/Users/Asus/Desktop/DMT321-HW/DMT321_Lab03_Unity6_5/Assets
Forcing GfxDevice: Direct3D 12
GfxDevice: creating device client; kGfxThreadingModeNonThreaded
d3d12: failed to query info queue interface (0x80004002).
Direct3D:
    Version:         Direct3D 12 [level 12.2]
    Renderer:        NVIDIA GeForce RTX 3050 Laptop GPU (ID=0x25a5)
    Vendor:          NVIDIA
    VRAM:            3962 MB
    App VRAM Budget: 3162 MB
    Driver:          32.0.15.9649
Initialize mono
Mono path[0] = 'C:/Program Files/Unity/Hub/Editor/6000.5.2f1/Editor/Data/Managed'
Mono path[1] = 'C:/Program Files/Unity/Hub/Editor/6000.5.2f1/Editor/Data/BCLExtensions/runtime/netstandard2.1'
Mono path[2] = 'C:/Program Files/Unity/Hub/Editor/6000.5.2f1/Editor/Data/MonoBleedingEdge/lib/mono/unityjit-win32'
Mono config path = 'C:/Program Files/Unity/Hub/Editor/6000.5.2f1/Editor/Data/MonoBleedingEdge/etc'
Using monoOptions --debugger-agent=transport=dt_socket,embedding=1,server=y,suspend=n,address=127.0.0.1:56708
CodeReloadManager initialized
Begin MonoManager ReloadAssembly
Registering precompiled unity dll's ...
Register platform support module: C:/Program Files/Unity/Hub/Editor/6000.5.2f1/Editor/Data/PlaybackEngines/WindowsStandaloneSupport/UnityEditor.WindowsStandalone.Extensions.dll
Registered in 0.004228 seconds.
Native extension for WindowsStandalone target not found
Package Manager log level set to [2]
[Package Manager] Failed to launch server process. Reason: Unity was launched with the -noUpm command-line argument
[Package Manager] Unable to send message (not connected to server process).
[Package Manager] Cannot connect to Unity Package Manager local server
ScheduleIndexationOnStartup MainProcess:False IndexOnStartup:True
Mono: successfully reloaded assembly
- Finished resetting the current domain, in  0.937 seconds
Domain Reload Profiling: 2167ms
	BeginReloadAssembly (333ms)
	RebuildCommonClasses (11ms)
	RebuildNativeTypeToScriptingClass (35ms)
	initialDomainReloadingComplete (127ms)
	LoadAllAssembliesAndSetupDomain (722ms)
		LoadAssemblies (322ms)
		AnalyzeDomain (519ms)
			TypeCache.Refresh (516ms)
				TypeCache.ScanAssembly (468ms)
	FinalizeReload (941ms)
		SetupLoadedEditorAssemblies (0ms)
			InitializePlatformSupportModulesInManaged (4ms)
			BeforeProcessingInitializeOnLoad (192ms)
			ProcessInitializeOnLoadAttributes (204ms)
			ProcessInitializeOnLoadMethodAttributes (392ms)
Initializing Unity extensions:
[Licensing::Module] Licensing is not yet initialized.
[Licensing::Client] Error: HandshakeResponse reported an error:
	ResponseCode: 505
	ResponseStatus: Unsupported protocol version '1.18.1'.
[Licensing::Module] Error: Failed to handshake to channel: "LicenseClient-Asus"
[Licensing::IpcConnector] LicenseClient-Asus channel disconnected successfully.
[Licensing::IpcConnector] Successfully connected to: "LicenseClient-Asus-6000.5.2" at "2026-09-06T03:04:52.5825157Z"
[Licensing::Client] Code 10 while verifying Licensing Client signature (process Id: 25868, path: "C:/Program Files/Unity/Hub/Editor/6000.5.2f1/Editor/Data/Resources/Licensing/Client/Unity.Licensing.Client.exe")
[Licensing::Module] LicensingClient has failed validation; ignoring
[Licensing::Client] Handshaking with LicensingClient:
  Version:                 1.18.1+9fbee8e
  Session Id:              1759bb481bed4054953332661ba7d221
  Correlation Id:          613d122d767b1f7ed450f79974b82e33
  External correlation Id: 7802742075108874727
  Machine Id:              lKdBEv9B6sk68+5oeNpT9LNO8Ok=
[Licensing::Module] Successfully connected to LicensingClient on channel: "LicenseClient-Asus-6000.5.2" (connect: 0.00s, validation: 0.00s, handshake: 0.03s)
[Licensing::IpcConnector] Successfully connected to: "LicenseClient-Asus-6000.5.2-notifications" at "2026-09-06T03:04:52.6122219Z"
[Licensing::Module] Licensing Background thread has ended after 4.56s
[Licensing::Module] Licensing is initialized (took 0.94s).
[Licensing::Client] Successfully resolved entitlement details
[Licensing::Module] License group:
  Id: F4-V2HH-7T9E-WBHF-A6SK-XXXX
  Product: Unity Personal
  Type: ULF
  Expiration: 2026-10-13T04:04:10Z
[Licensing::Module] License group:
  Id: 18968317507188-UnityPersXXXX
  Product: Unity Personal
  Type: Assigned
  Expiration: Unlimited
========================================================================
Worker process is ready to serve import requests
Import Worker Mode flag is 0x00
Begin MonoManager ReloadAssembly
Native extension for WindowsStandalone target not found
[Package Manager] Failed to launch server process. Reason: Unity was launched with the -noUpm command-line argument
[Package Manager] Unable to send message (not connected to server process).
[Package Manager] Cannot connect to Unity Package Manager local server
ScheduleIndexationOnStartup MainProcess:False IndexOnStartup:True
Mono: successfully reloaded assembly
- Finished resetting the current domain, in  0.841 seconds
Domain Reload Profiling: 1656ms
	BeginReloadAssembly (417ms)
		DisableScriptedObjects (14ms)
		CreateAndSetChildDomain (70ms)
	RebuildCommonClasses (25ms)
	RebuildNativeTypeToScriptingClass (51ms)
	initialDomainReloadingComplete (90ms)
	LoadAllAssembliesAndSetupDomain (230ms)
		LoadAssemblies (222ms)
		AnalyzeDomain (44ms)
			TypeCache.Refresh (28ms)
				TypeCache.ScanAssembly (14ms)
			BuildScriptInfoCaches (11ms)
	FinalizeReload (844ms)
		SetupLoadedEditorAssemblies (0ms)
			InitializePlatformSupportModulesInManaged (4ms)
			BeforeProcessingInitializeOnLoad (214ms)
			ProcessInitializeOnLoadAttributes (174ms)
			ProcessInitializeOnLoadMethodAttributes (156ms)
			AfterProcessingInitializeOnLoad (12ms)
		AwakeInstancesAfterBackupRestoration (7ms)
AcceleratorClientConnectionCallback - disconnected - :0
Launched and connected shader compiler UnityShaderCompiler.exe after 0.03 seconds
Unloading 0 Unused Serialized files (Serialized files now loaded: 0)
Curl error 3: URL rejected: Malformed input to a URL function
Unloading 370 unused Assets / (61.6 KB). Loaded Objects now: 998.
Memory consumption went from 159.6 MB to 159.5 MB.
Total: 9.012600 ms (FindLiveObjects: 0.171200 ms CreateObjectMapping: 0.144900 ms MarkObjects: 8.299400 ms  DeleteObjects: 0.393000 ms)

========================================================================
Received Prepare
AcceleratorClientConnectionCallback - disconnected - :0
Begin MonoManager ReloadAssembly
[Licensing::Client] Successfully resolved entitlement details
[Licensing::Module] License group:
  Id: F4-V2HH-7T9E-WBHF-A6SK-XXXX
  Product: Unity Personal
  Type: ULF
  Expiration: 2026-10-13T04:04:10Z
[Licensing::Module] License group:
  Id: 18968317507188-UnityPersXXXX
  Product: Unity Personal
  Type: Assigned
  Expiration: Unlimited
Native extension for WindowsStandalone target not found
[Package Manager] Failed to launch server process. Reason: Unity was launched with the -noUpm command-line argument
[Package Manager] Unable to send message (not connected to server process).
[Package Manager] Cannot connect to Unity Package Manager local server
ScheduleIndexationOnStartup MainProcess:False IndexOnStartup:True
Mono: successfully reloaded assembly
- Finished resetting the current domain, in  0.795 seconds
Domain Reload Profiling: 1547ms
	BeginReloadAssembly (397ms)
		DisableScriptedObjects (14ms)
		CreateAndSetChildDomain (65ms)
	RebuildCommonClasses (17ms)
	RebuildNativeTypeToScriptingClass (47ms)
	initialDomainReloadingComplete (88ms)
	LoadAllAssembliesAndSetupDomain (201ms)
		LoadAssemblies (246ms)
		AnalyzeDomain (15ms)
			TypeCache.Refresh (10ms)
	FinalizeReload (798ms)
		SetupLoadedEditorAssemblies (0ms)
			InitializePlatformSupportModulesInManaged (4ms)
			BeforeProcessingInitializeOnLoad (196ms)
			ProcessInitializeOnLoadAttributes (165ms)
			ProcessInitializeOnLoadMethodAttributes (153ms)
			AfterProcessingInitializeOnLoad (14ms)
		AwakeInstancesAfterBackupRestoration (4ms)
Unloading 0 Unused Serialized files (Serialized files now loaded: 0)
Unloading 368 unused Assets / (22.9 KB). Loaded Objects now: 998.
Memory consumption went from 159.0 MB to 159.0 MB.
Total: 6.207500 ms (FindLiveObjects: 0.187900 ms CreateObjectMapping: 0.114300 ms MarkObjects: 5.652600 ms  DeleteObjects: 0.249800 ms)

Prepare: number of updated asset objects reloaded= 0
========================================================================
Received Prepare
AcceleratorClientConnectionCallback - disconnected - :0
Unloading 0 Unused Serialized files (Serialized files now loaded: 0)
Unloading 0 unused Assets / (0 B). Loaded Objects now: 998.
Memory consumption went from 159.8 MB to 159.8 MB.
Total: 8.539500 ms (FindLiveObjects: 0.241600 ms CreateObjectMapping: 0.076700 ms MarkObjects: 8.202600 ms  DeleteObjects: 0.014900 ms)

Prepare: number of updated asset objects reloaded= 0
========================================================================
Received Prepare
AcceleratorClientConnectionCallback - disconnected - :0
Unloading 0 Unused Serialized files (Serialized files now loaded: 0)
Unloading 0 unused Assets / (0 B). Loaded Objects now: 998.
Memory consumption went from 160.7 MB to 160.7 MB.
Total: 7.934300 ms (FindLiveObjects: 0.129200 ms CreateObjectMapping: 0.058100 ms MarkObjects: 7.736100 ms  DeleteObjects: 0.009200 ms)

Prepare: number of updated asset objects reloaded= 0
========================================================================
Received Prepare
AcceleratorClientConnectionCallback - disconnected - :0
Unloading 0 Unused Serialized files (Serialized files now loaded: 0)
Unloading 369 unused Assets / (25.0 KB). Loaded Objects now: 999.
Memory consumption went from 161.8 MB to 161.7 MB.
Total: 11.032000 ms (FindLiveObjects: 0.238800 ms CreateObjectMapping: 0.105700 ms MarkObjects: 10.449800 ms  DeleteObjects: 0.234300 ms)

Prepare: number of updated asset objects reloaded= 0
========================================================================
Received Prepare
AcceleratorClientConnectionCallback - disconnected - :0
Begin MonoManager ReloadAssembly
[Licensing::Client] Successfully resolved entitlement details
[Licensing::Module] License group:
  Id: F4-V2HH-7T9E-WBHF-A6SK-XXXX
  Product: Unity Personal
  Type: ULF
  Expiration: 2026-10-13T04:04:10Z
[Licensing::Module] License group:
  Id: 18968317507188-UnityPersXXXX
  Product: Unity Personal
  Type: Assigned
  Expiration: Unlimited
Native extension for WindowsStandalone target not found
[Package Manager] Failed to launch server process. Reason: Unity was launched with the -noUpm command-line argument
[Package Manager] Unable to send message (not connected to server process).
[Package Manager] Cannot connect to Unity Package Manager local server
ScheduleIndexationOnStartup MainProcess:False IndexOnStartup:True
Mono: successfully reloaded assembly
- Finished resetting the current domain, in  0.854 seconds
Domain Reload Profiling: 1653ms
	BeginReloadAssembly (404ms)
		DisableScriptedObjects (18ms)
		CreateAndSetChildDomain (71ms)
	RebuildCommonClasses (15ms)
	RebuildNativeTypeToScriptingClass (41ms)
	initialDomainReloadingComplete (89ms)
	LoadAllAssembliesAndSetupDomain (245ms)
		LoadAssemblies (233ms)
		AnalyzeDomain (41ms)
			TypeCache.Refresh (14ms)
			BuildScriptInfoCaches (19ms)
			ResolveRequiredComponents (4ms)
	FinalizeReload (859ms)
		SetupLoadedEditorAssemblies (0ms)
			InitializePlatformSupportModulesInManaged (3ms)
			BeforeProcessingInitializeOnLoad (190ms)
			ProcessInitializeOnLoadAttributes (169ms)
			ProcessInitializeOnLoadMethodAttributes (178ms)
			AfterProcessingInitializeOnLoad (12ms)
		AwakeInstancesAfterBackupRestoration (6ms)
Unloading 0 Unused Serialized files (Serialized files now loaded: 0)
Unloading 369 unused Assets / (32.0 KB). Loaded Objects now: 999.
Memory consumption went from 162.5 MB to 162.5 MB.
Total: 9.883700 ms (FindLiveObjects: 0.210000 ms CreateObjectMapping: 0.135600 ms MarkObjects: 9.301900 ms  DeleteObjects: 0.232100 ms)

Prepare: number of updated asset objects reloaded= 0
========================================================================
Received Import Request.
  Time of request: 2026-09-06T03:13:05.0321107Z
  Time since last request: 350412.6976650999859 seconds.
  importAddress: GUID: 1b97e7869e468784c921db3238fb70b6 - Path: Assets/DMT321/CommandAckTwin/Scripts/AutomaticFanController.cs - Importer: PreviewImporter
Importing 'GUID: 1b97e7869e468784c921db3238fb70b6 - Path: Assets/DMT321/CommandAckTwin/Scripts/AutomaticFanController.cs - Importer: PreviewImporter' with importer (PreviewImporter)
Imported 'GUID: 1b97e7869e468784c921db3238fb70b6' -> (Import Result ID: '07a01beaddab594a8ed7a81974b7f878') in 0.013 seconds [static and dynamic dependencies]. Details - ImportResultOutputID=04c41b0d46518a338a005b2d6d083629 DependenciesID=3614123d4541b6ede9c6a4b757bc4650 StaticDependenciesID=30c888b3eaff8fedae4ab7e8cf18f0f1 
Number of updated asset objects reloaded before import = 0
Number of asset objects unloaded after import = 0
========================================================================
Received Prepare
AcceleratorClientConnectionCallback - disconnected - :0
Unloading 0 Unused Serialized files (Serialized files now loaded: 0)
Unloading 0 unused Assets / (0 B). Loaded Objects now: 1001.
Memory consumption went from 164.2 MB to 164.2 MB.
Total: 11.771300 ms (FindLiveObjects: 0.230100 ms CreateObjectMapping: 0.067500 ms MarkObjects: 11.459500 ms  DeleteObjects: 0.011900 ms)

Prepare: number of updated asset objects reloaded= 0
========================================================================
Received Prepare
AcceleratorClientConnectionCallback - disconnected - :0
Begin MonoManager ReloadAssembly
[Licensing::Client] Successfully resolved entitlement details
[Licensing::Module] License group:
  Id: F4-V2HH-7T9E-WBHF-A6SK-XXXX
  Product: Unity Personal
  Type: ULF
  Expiration: 2026-10-13T04:04:10Z
[Licensing::Module] License group:
  Id: 18968317507188-UnityPersXXXX
  Product: Unity Personal
  Type: Assigned
  Expiration: Unlimited
Native extension for WindowsStandalone target not found
[Package Manager] Failed to launch server process. Reason: Unity was launched with the -noUpm command-line argument
[Package Manager] Unable to send message (not connected to server process).
[Package Manager] Cannot connect to Unity Package Manager local server
ScheduleIndexationOnStartup MainProcess:False IndexOnStartup:True
Mono: successfully reloaded assembly
- Finished resetting the current domain, in  0.828 seconds
Domain Reload Profiling: 1772ms
	BeginReloadAssembly (519ms)
		DisableScriptedObjects (21ms)
		CreateAndSetChildDomain (84ms)
	RebuildCommonClasses (24ms)
	RebuildNativeTypeToScriptingClass (48ms)
	initialDomainReloadingComplete (96ms)
	LoadAllAssembliesAndSetupDomain (254ms)
		LoadAssemblies (266ms)
		AnalyzeDomain (50ms)
			TypeCache.Refresh (22ms)
			BuildScriptInfoCaches (20ms)
			ResolveRequiredComponents (4ms)
	FinalizeReload (831ms)
		SetupLoadedEditorAssemblies (0ms)
			InitializePlatformSupportModulesInManaged (4ms)
			BeforeProcessingInitializeOnLoad (189ms)
			ProcessInitializeOnLoadAttributes (162ms)
			ProcessInitializeOnLoadMethodAttributes (148ms)
			AfterProcessingInitializeOnLoad (13ms)
		AwakeInstancesAfterBackupRestoration (6ms)
Unloading 0 Unused Serialized files (Serialized files now loaded: 0)
Unloading 369 unused Assets / (26.0 KB). Loaded Objects now: 1001.
Memory consumption went from 165.0 MB to 165.0 MB.
Total: 9.211100 ms (FindLiveObjects: 0.184900 ms CreateObjectMapping: 0.105400 ms MarkObjects: 8.682700 ms  DeleteObjects: 0.234600 ms)

Prepare: number of updated asset objects reloaded= 0
========================================================================
Received Prepare
AcceleratorClientConnectionCallback - disconnected - :0
Unloading 0 Unused Serialized files (Serialized files now loaded: 0)
Unloading 369 unused Assets / (21.1 KB). Loaded Objects now: 1001.
Memory consumption went from 166.1 MB to 166.0 MB.
Total: 11.001600 ms (FindLiveObjects: 0.187000 ms CreateObjectMapping: 0.123000 ms MarkObjects: 10.398200 ms  DeleteObjects: 0.290200 ms)

Prepare: number of updated asset objects reloaded= 0
========================================================================
Received Prepare
AcceleratorClientConnectionCallback - disconnected - :0
Unloading 0 Unused Serialized files (Serialized files now loaded: 0)
Unloading 369 unused Assets / (15.5 KB). Loaded Objects now: 1001.
Memory consumption went from 166.9 MB to 166.9 MB.
Total: 28.356700 ms (FindLiveObjects: 0.254700 ms CreateObjectMapping: 0.308700 ms MarkObjects: 17.154900 ms  DeleteObjects: 10.634500 ms)

Prepare: number of updated asset objects reloaded= 0
========================================================================
Received Prepare
AcceleratorClientConnectionCallback - disconnected - :0
Unloading 0 Unused Serialized files (Serialized files now loaded: 0)
Unloading 369 unused Assets / (23.1 KB). Loaded Objects now: 1001.
Memory consumption went from 167.7 MB to 167.7 MB.
Total: 8.983000 ms (FindLiveObjects: 0.152600 ms CreateObjectMapping: 0.143300 ms MarkObjects: 8.455700 ms  DeleteObjects: 0.228500 ms)

Prepare: number of updated asset objects reloaded= 0
========================================================================
Received Prepare
AcceleratorClientConnectionCallback - disconnected - :0
Unloading 0 Unused Serialized files (Serialized files now loaded: 0)
Unloading 369 unused Assets / (31.9 KB). Loaded Objects now: 1001.
Memory consumption went from 168.6 MB to 168.5 MB.
Total: 9.477400 ms (FindLiveObjects: 0.139600 ms CreateObjectMapping: 0.117400 ms MarkObjects: 8.926100 ms  DeleteObjects: 0.291600 ms)

Prepare: number of updated asset objects reloaded= 0
========================================================================
Received Prepare
AcceleratorClientConnectionCallback - disconnected - :0
Unloading 0 Unused Serialized files (Serialized files now loaded: 0)
Unloading 369 unused Assets / (25.9 KB). Loaded Objects now: 1001.
Memory consumption went from 169.4 MB to 169.4 MB.
Total: 10.861500 ms (FindLiveObjects: 0.301200 ms CreateObjectMapping: 0.146400 ms MarkObjects: 10.178100 ms  DeleteObjects: 0.232000 ms)

Prepare: number of updated asset objects reloaded= 0
========================================================================
Received Prepare
AcceleratorClientConnectionCallback - disconnected - :0
Unloading 0 Unused Serialized files (Serialized files now loaded: 0)
Unloading 369 unused Assets / (33.9 KB). Loaded Objects now: 1001.
Memory consumption went from 170.2 MB to 170.2 MB.
Total: 9.324800 ms (FindLiveObjects: 0.167800 ms CreateObjectMapping: 0.132100 ms MarkObjects: 8.785800 ms  DeleteObjects: 0.236300 ms)

Prepare: number of updated asset objects reloaded= 0
========================================================================
Received Prepare
AcceleratorClientConnectionCallback - disconnected - :0
Begin MonoManager ReloadAssembly
[Licensing::Client] Successfully resolved entitlement details
[Licensing::Module] License group:
  Id: F4-V2HH-7T9E-WBHF-A6SK-XXXX
  Product: Unity Personal
  Type: ULF
  Expiration: 2026-10-13T04:04:10Z
[Licensing::Module] License group:
  Id: 18968317507188-UnityPersXXXX
  Product: Unity Personal
  Type: Assigned
  Expiration: Unlimited
Native extension for WindowsStandalone target not found
[Package Manager] Failed to launch server process. Reason: Unity was launched with the -noUpm command-line argument
[Package Manager] Unable to send message (not connected to server process).
[Package Manager] Cannot connect to Unity Package Manager local server
ScheduleIndexationOnStartup MainProcess:False IndexOnStartup:True
Mono: successfully reloaded assembly
- Finished resetting the current domain, in  0.924 seconds
Domain Reload Profiling: 2133ms
	BeginReloadAssembly (682ms)
		DisableScriptedObjects (51ms)
		CreateAndSetChildDomain (140ms)
	RebuildCommonClasses (24ms)
	RebuildNativeTypeToScriptingClass (53ms)
	initialDomainReloadingComplete (120ms)
	LoadAllAssembliesAndSetupDomain (325ms)
		LoadAssemblies (284ms)
		AnalyzeDomain (69ms)
			TypeCache.Refresh (26ms)
			BuildScriptInfoCaches (24ms)
			ResolveRequiredComponents (5ms)
	FinalizeReload (928ms)
		SetupLoadedEditorAssemblies (0ms)
			InitializePlatformSupportModulesInManaged (4ms)
			BeforeProcessingInitializeOnLoad (241ms)
			ProcessInitializeOnLoadAttributes (171ms)
			ProcessInitializeOnLoadMethodAttributes (158ms)
			AfterProcessingInitializeOnLoad (14ms)
		AwakeInstancesAfterBackupRestoration (6ms)
Unloading 0 Unused Serialized files (Serialized files now loaded: 0)
Unloading 369 unused Assets / (26.9 KB). Loaded Objects now: 1001.
Memory consumption went from 170.8 MB to 170.8 MB.
Total: 9.037300 ms (FindLiveObjects: 0.155100 ms CreateObjectMapping: 0.158300 ms MarkObjects: 8.492500 ms  DeleteObjects: 0.228900 ms)

Prepare: number of updated asset objects reloaded= 0
========================================================================
Received Prepare
AcceleratorClientConnectionCallback - disconnected - :0
Begin MonoManager ReloadAssembly
Native extension for WindowsStandalone target not found
[Package Manager] Failed to launch server process. Reason: Unity was launched with the -noUpm command-line argument
[Package Manager] Unable to send message (not connected to server process).
[Package Manager] Cannot connect to Unity Package Manager local server
ScheduleIndexationOnStartup MainProcess:False IndexOnStartup:True
Mono: successfully reloaded assembly
- Finished resetting the current domain, in  0.906 seconds
Domain Reload Profiling: 1658ms
	BeginReloadAssembly (399ms)
		DisableScriptedObjects (16ms)
		CreateAndSetChildDomain (74ms)
	RebuildCommonClasses (15ms)
	RebuildNativeTypeToScriptingClass (37ms)
	initialDomainReloadingComplete (91ms)
	LoadAllAssembliesAndSetupDomain (204ms)
		LoadAssemblies (210ms)
		AnalyzeDomain (18ms)
			TypeCache.Refresh (10ms)
			ResolveRequiredComponents (4ms)
	FinalizeReload (911ms)
		SetupLoadedEditorAssemblies (0ms)
			InitializePlatformSupportModulesInManaged (4ms)
			BeforeProcessingInitializeOnLoad (217ms)
			ProcessInitializeOnLoadAttributes (174ms)
			ProcessInitializeOnLoadMethodAttributes (173ms)
			AfterProcessingInitializeOnLoad (14ms)
		AwakeInstancesAfterBackupRestoration (7ms)
Unloading 0 Unused Serialized files (Serialized files now loaded: 0)
Unloading 369 unused Assets / (26.9 KB). Loaded Objects now: 1001.
Memory consumption went from 171.8 MB to 171.8 MB.
Total: 7.960900 ms (FindLiveObjects: 0.169100 ms CreateObjectMapping: 0.121700 ms MarkObjects: 7.466100 ms  DeleteObjects: 0.201000 ms)

Prepare: number of updated asset objects reloaded= 0
========================================================================
Received Prepare
AcceleratorClientConnectionCallback - disconnected - :0
Begin MonoManager ReloadAssembly
Native extension for WindowsStandalone target not found
[Package Manager] Failed to launch server process. Reason: Unity was launched with the -noUpm command-line argument
[Package Manager] Unable to send message (not connected to server process).
[Package Manager] Cannot connect to Unity Package Manager local server
ScheduleIndexationOnStartup MainProcess:False IndexOnStartup:True
Mono: successfully reloaded assembly
- Finished resetting the current domain, in  0.936 seconds
Domain Reload Profiling: 1738ms
	BeginReloadAssembly (417ms)
		DisableScriptedObjects (17ms)
		CreateAndSetChildDomain (76ms)
	RebuildCommonClasses (22ms)
	RebuildNativeTypeToScriptingClass (38ms)
	initialDomainReloadingComplete (92ms)
	LoadAllAssembliesAndSetupDomain (229ms)
		LoadAssemblies (217ms)
		AnalyzeDomain (17ms)
			TypeCache.Refresh (10ms)
			ResolveRequiredComponents (3ms)
	FinalizeReload (940ms)
		SetupLoadedEditorAssemblies (0ms)
			InitializePlatformSupportModulesInManaged (4ms)
			BeforeProcessingInitializeOnLoad (241ms)
			ProcessInitializeOnLoadAttributes (201ms)
			ProcessInitializeOnLoadMethodAttributes (155ms)
			AfterProcessingInitializeOnLoad (9ms)
		AwakeInstancesAfterBackupRestoration (5ms)
Unloading 0 Unused Serialized files (Serialized files now loaded: 0)
Unloading 369 unused Assets / (30.0 KB). Loaded Objects now: 1001.
Memory consumption went from 172.6 MB to 172.5 MB.
Total: 6.847200 ms (FindLiveObjects: 0.205200 ms CreateObjectMapping: 0.125500 ms MarkObjects: 6.321900 ms  DeleteObjects: 0.192100 ms)

Prepare: number of updated asset objects reloaded= 0
========================================================================
Received Prepare
AcceleratorClientConnectionCallback - disconnected - :0
Unloading 0 Unused Serialized files (Serialized files now loaded: 0)
Unloading 0 unused Assets / (0 B). Loaded Objects now: 1001.
Memory consumption went from 173.4 MB to 173.4 MB.
Total: 10.217100 ms (FindLiveObjects: 0.191600 ms CreateObjectMapping: 0.062700 ms MarkObjects: 9.939000 ms  DeleteObjects: 0.020000 ms)

Prepare: number of updated asset objects reloaded= 0
========================================================================
Received Prepare
AcceleratorClientConnectionCallback - disconnected - :0
Begin MonoManager ReloadAssembly
[Licensing::Client] Successfully resolved entitlement details
[Licensing::Module] License group:
  Id: F4-V2HH-7T9E-WBHF-A6SK-XXXX
  Product: Unity Personal
  Type: ULF
  Expiration: 2026-10-13T04:04:10Z
[Licensing::Module] License group:
  Id: 18968317507188-UnityPersXXXX
  Product: Unity Personal
  Type: Assigned
  Expiration: Unlimited
Native extension for WindowsStandalone target not found
[Package Manager] Failed to launch server process. Reason: Unity was launched with the -noUpm command-line argument
[Package Manager] Unable to send message (not connected to server process).
[Package Manager] Cannot connect to Unity Package Manager local server
ScheduleIndexationOnStartup MainProcess:False IndexOnStartup:True
Mono: successfully reloaded assembly
- Finished resetting the current domain, in  0.802 seconds
Domain Reload Profiling: 1611ms
	BeginReloadAssembly (454ms)
		DisableScriptedObjects (19ms)
		CreateAndSetChildDomain (83ms)
	RebuildCommonClasses (22ms)
	RebuildNativeTypeToScriptingClass (34ms)
	initialDomainReloadingComplete (92ms)
	LoadAllAssembliesAndSetupDomain (203ms)
		LoadAssemblies (244ms)
		AnalyzeDomain (17ms)
			TypeCache.Refresh (9ms)
			ResolveRequiredComponents (4ms)
	FinalizeReload (805ms)
		SetupLoadedEditorAssemblies (0ms)
			InitializePlatformSupportModulesInManaged (4ms)
			BeforeProcessingInitializeOnLoad (206ms)
			ProcessInitializeOnLoadAttributes (149ms)
			ProcessInitializeOnLoadMethodAttributes (141ms)
			AfterProcessingInitializeOnLoad (12ms)
		AwakeInstancesAfterBackupRestoration (6ms)
Unloading 0 Unused Serialized files (Serialized files now loaded: 0)
Unloading 369 unused Assets / (32.1 KB). Loaded Objects now: 1001.
Memory consumption went from 174.2 MB to 174.2 MB.
Total: 7.849700 ms (FindLiveObjects: 0.167200 ms CreateObjectMapping: 0.105700 ms MarkObjects: 7.308900 ms  DeleteObjects: 0.264400 ms)

Prepare: number of updated asset objects reloaded= 0
========================================================================
Received Prepare
AcceleratorClientConnectionCallback - disconnected - :0
Begin MonoManager ReloadAssembly
Native extension for WindowsStandalone target not found
[Package Manager] Failed to launch server process. Reason: Unity was launched with the -noUpm command-line argument
[Package Manager] Unable to send message (not connected to server process).
[Package Manager] Cannot connect to Unity Package Manager local server
ScheduleIndexationOnStartup MainProcess:False IndexOnStartup:True
Mono: successfully reloaded assembly
- Finished resetting the current domain, in  0.829 seconds
Domain Reload Profiling: 1587ms
	BeginReloadAssembly (396ms)
		DisableScriptedObjects (17ms)
		CreateAndSetChildDomain (74ms)
	RebuildCommonClasses (23ms)
	RebuildNativeTypeToScriptingClass (35ms)
	initialDomainReloadingComplete (81ms)
	LoadAllAssembliesAndSetupDomain (218ms)
		LoadAssemblies (204ms)
		AnalyzeDomain (21ms)
			TypeCache.Refresh (12ms)
			ResolveRequiredComponents (4ms)
	FinalizeReload (833ms)
		SetupLoadedEditorAssemblies (0ms)
			InitializePlatformSupportModulesInManaged (4ms)
			BeforeProcessingInitializeOnLoad (215ms)
			ProcessInitializeOnLoadAttributes (174ms)
			ProcessInitializeOnLoadMethodAttributes (149ms)
			AfterProcessingInitializeOnLoad (14ms)
		AwakeInstancesAfterBackupRestoration (5ms)
Unloading 0 Unused Serialized files (Serialized files now loaded: 0)
Unloading 369 unused Assets / (26.9 KB). Loaded Objects now: 1001.
Memory consumption went from 175.5 MB to 175.5 MB.
Total: 8.176300 ms (FindLiveObjects: 0.163800 ms CreateObjectMapping: 0.119100 ms MarkObjects: 7.649500 ms  DeleteObjects: 0.240000 ms)

Prepare: number of updated asset objects reloaded= 0
Editor requested this worker to shutdown with reason: Editor is closing down
AcceleratorClientConnectionCallback - disconnected - :0
AssetImportWorker is now disconnected from the server
Process exiting
Exiting without the bug reporter. Application will terminate with return code 0