[Licensing::Module] Trying to connect to existing licensing client channel...
Built from '6000.5/staging' branch; Version is '6000.5.2f1 (eb73d3b415a1) revision 15430611'; Using compiler version '194234433'; Build Type 'Release'
OS: 'Windows 11  (10.0.26200) CoreSingleLanguage' Language: 'en' Physical Memory: 16106 MB
BatchMode: 1, IsHumanControllingUs: 0, StartBugReporterOnCrash: 0, Is64bit: 1
System  architecture: x64
Process architecture: x64
Date: 2026-09-01T12:54:48Z
[Licensing::IpcConnector] Successfully connected to: "LicenseClient-Asus" at "2026-09-01T12:54:48.4242577Z"

COMMAND LINE ARGUMENTS:
C:\Program Files\Unity\Hub\Editor\6000.5.2f1\Editor\Unity.exe
-adb2
-batchMode
-noUpm
-name
AssetImportWorkerHW2
-projectPath
C:/Users/Asus/Desktop/DMT321-HW/DMT321_Lab03_Unity6_5
-logFile
Logs/AssetImportWorkerHW2.log
-srvPort
59332
-parentPid
26584
-analyticsCloudUserId
18968317507188
-analyticsLocalProjectId
3b2634b46b5644923ad10d5fcee8a48a
-licensingIpc
LicenseClient-Asus
-noDiagnosticSwitchPersistentStore
-job-worker-count
5
-background-job-worker-count
8
-asset-garbage-collectors
1
-force-d3d12
-name
AssetImport
Successfully changed project path to: C:/Users/Asus/Desktop/DMT321-HW/DMT321_Lab03_Unity6_5
C:/Users/Asus/Desktop/DMT321-HW/DMT321_Lab03_Unity6_5
[UnityMemory] Configuration Parameters - Can be set up in boot.config
    "memorysetup-temp-allocator-size-gi-baking-worker=262144"
    "memorysetup-temp-allocator-size-gi-baking-worker=262144"
    "memorysetup-temp-allocator-size-gi-baking-worker=262144"
    "memorysetup-temp-allocator-size-gi-baking-worker=262144"
    "memorysetup-temp-allocator-size-gi-baking-worker=262144"
    "memorysetup-temp-allocator-size-nav-mesh-worker=65536"
    "memorysetup-temp-allocator-size-audio-worker=65536"
    "memorysetup-temp-allocator-size-cloud-worker=32768"
    "memorysetup-temp-allocator-size-gfx=262144"
    "memorysetup-temp-allocator-size-preload-manager=33554432"
    "memorysetup-allocator-temp-initial-block-size-main=262144"
    "memorysetup-allocator-temp-initial-block-size-worker=262144"
    "memorysetup-temp-allocator-size-job-worker=262144"
    "memorysetup-temp-allocator-size-background-worker=32768"
    "memorysetup-bucket-allocator-granularity=16"
    "memorysetup-bucket-allocator-bucket-count=8"
    "memorysetup-bucket-allocator-block-size=33554432"
    "memorysetup-bucket-allocator-block-count=8"
    "memorysetup-main-allocator-block-size=16777216"
    "memorysetup-thread-allocator-block-size=16777216"
    "memorysetup-main-allocator-mimalloc-enabled=0"
    "memorysetup-gfx-main-allocator-block-size=16777216"
    "memorysetup-gfx-thread-allocator-block-size=16777216"
    "memorysetup-cache-allocator-block-size=4194304"
    "memorysetup-typetree-allocator-block-size=2097152"
    "memorysetup-profiler-bucket-allocator-granularity=16"
    "memorysetup-profiler-bucket-allocator-bucket-count=8"
    "memorysetup-profiler-bucket-allocator-block-size=33554432"
    "memorysetup-profiler-bucket-allocator-block-count=8"
    "memorysetup-profiler-allocator-block-size=16777216"
    "memorysetup-profiler-editor-allocator-block-size=1048576"
    "memorysetup-temp-allocator-size-main=16777216"
    "memorysetup-job-temp-allocator-block-size=2097152"
    "memorysetup-job-temp-allocator-block-size-background=1048576"
    "memorysetup-job-temp-allocator-reduction-small-platforms=262144"
Player connection [10740]  Target information:

Player connection [10740]  * "[IP] 26.209.92.76 [Port] 0 [Flags] 2 [Guid] 3748056782 [EditorId] 3748056782 [Version] 1048832 [Id] WindowsEditor(7,LAPTOP-304ELUFL) [Debug] 1 [PackageName] WindowsEditor [ProjectName] Editor" 

Player connection [10740]  * "[IP] 192.168.1.114 [Port] 0 [Flags] 2 [Guid] 3748056782 [EditorId] 3748056782 [Version] 1048832 [Id] WindowsEditor(7,LAPTOP-304ELUFL) [Debug] 1 [PackageName] WindowsEditor [ProjectName] Editor" 

Player connection [10740] Host joined multi-casting on [225.0.0.222:54997]...
Player connection [10740] Host joined alternative multi-casting on [225.0.0.222:34997]...
JobSystem: Creating JobQueue using job-worker-count value 5
Input System module state changed to: Initialized.
[Physics::Module] Initialized fallback backend.
[Physics::Module] Id: 0xdecafbad
Library Redirect Path: Library/
[Physics::Module] Selected backend.
[Physics::Module] Name: PhysX
[Physics::Module] Id: 0xf2b8ea05
[Physics::Module] SDK Version: 4.1.2
[Physics::Module] Integration Version: 1.0.0
[Physics::Module] Threading Mode: Multi-Threaded
Initialize engine version: 6000.5.2f1 (eb73d3b415a1)
[Subsystems] Discovering subsystems at path C:/Program Files/Unity/Hub/Editor/6000.5.2f1/Editor/Data/Resources/UnitySubsystems
[Subsystems] Discovering subsystems at path C:/Users/Asus/Desktop/DMT321-HW/DMT321_Lab03_Unity6_5/Assets
Forcing GfxDevice: Direct3D 12
GfxDevice: creating device client; kGfxThreadingModeNonThreaded
d3d12: failed to query info queue interface (0x80004002).
Direct3D:
    Version:         Direct3D 12 [level 12.2]
    Renderer:        NVIDIA GeForce RTX 3050 Laptop GPU (ID=0x25a5)
    Vendor:          NVIDIA
    VRAM:            3962 MB
    App VRAM Budget: 2991 MB
    Driver:          32.0.15.9649
Initialize mono
Mono path[0] = 'C:/Program Files/Unity/Hub/Editor/6000.5.2f1/Editor/Data/Managed'
Mono path[1] = 'C:/Program Files/Unity/Hub/Editor/6000.5.2f1/Editor/Data/BCLExtensions/runtime/netstandard2.1'
Mono path[2] = 'C:/Program Files/Unity/Hub/Editor/6000.5.2f1/Editor/Data/MonoBleedingEdge/lib/mono/unityjit-win32'
Mono config path = 'C:/Program Files/Unity/Hub/Editor/6000.5.2f1/Editor/Data/MonoBleedingEdge/etc'
Using monoOptions --debugger-agent=transport=dt_socket,embedding=1,server=y,suspend=n,address=127.0.0.1:56852
CodeReloadManager initialized
Begin MonoManager ReloadAssembly
Registering precompiled unity dll's ...
Register platform support module: C:/Program Files/Unity/Hub/Editor/6000.5.2f1/Editor/Data/PlaybackEngines/WindowsStandaloneSupport/UnityEditor.WindowsStandalone.Extensions.dll
Registered in 0.004115 seconds.
Native extension for WindowsStandalone target not found
[Licensing::Client] Error: HandshakeResponse reported an error:
	ResponseCode: 505
	ResponseStatus: Unsupported protocol version '1.18.1'.
[Licensing::Module] Error: Failed to handshake to channel: "LicenseClient-Asus"
[Licensing::IpcConnector] LicenseClient-Asus channel disconnected successfully.
[Licensing::IpcConnector] Successfully connected to: "LicenseClient-Asus-6000.5.2" at "2026-09-01T12:54:54.9772144Z"
[Licensing::Client] Code 10 while verifying Licensing Client signature (process Id: 7204, path: "C:/Program Files/Unity/Hub/Editor/6000.5.2f1/Editor/Data/Resources/Licensing/Client/Unity.Licensing.Client.exe")
[Licensing::Module] LicensingClient has failed validation; ignoring
[Licensing::Client] Handshaking with LicensingClient:
  Version:                 1.18.1+9fbee8e
  Session Id:              9d72673fa8cb46f7b2644b526667bca6
  Correlation Id:          1d5601368cd89ef558c02ecc019f9079
  External correlation Id: 5517536899880805612
  Machine Id:              lKdBEv9B6sk68+5oeNpT9LNO8Ok=
[Licensing::Module] Successfully connected to LicensingClient on channel: "LicenseClient-Asus-6000.5.2" (connect: 0.00s, validation: 0.01s, handshake: 0.06s)
[Licensing::IpcConnector] Successfully connected to: "LicenseClient-Asus-6000.5.2-notifications" at "2026-09-01T12:54:55.0426383Z"
[Licensing::Module] Licensing Background thread has ended after 6.62s
Package Manager log level set to [2]
[Package Manager] Failed to launch server process. Reason: Unity was launched with the -noUpm command-line argument
[Package Manager] Unable to send message (not connected to server process).
[Package Manager] Cannot connect to Unity Package Manager local server
ScheduleIndexationOnStartup MainProcess:False IndexOnStartup:True
Mono: successfully reloaded assembly
- Finished resetting the current domain, in  1.886 seconds
Domain Reload Profiling: 4909ms
	BeginReloadAssembly (559ms)
	RebuildCommonClasses (24ms)
	RebuildNativeTypeToScriptingClass (71ms)
	initialDomainReloadingComplete (288ms)
	LoadAllAssembliesAndSetupDomain (2072ms)
		LoadAssemblies (553ms)
		AnalyzeDomain (1709ms)
			TypeCache.Refresh (1702ms)
				TypeCache.ScanAssembly (1569ms)
	FinalizeReload (1895ms)
		SetupLoadedEditorAssemblies (0ms)
			InitializePlatformSupportModulesInManaged (5ms)
			BeforeProcessingInitializeOnLoad (232ms)
			ProcessInitializeOnLoadAttributes (840ms)
			ProcessInitializeOnLoadMethodAttributes (512ms)
Initializing Unity extensions:
[Licensing::Client] Successfully resolved entitlement details
[Licensing::Module] License group:
  Id: F4-V2HH-7T9E-WBHF-A6SK-XXXX
  Product: Unity Personal
  Type: ULF
  Expiration: 2026-10-08T13:53:13Z
[Licensing::Module] License group:
  Id: 18968317507188-UnityPersXXXX
  Product: Unity Personal
  Type: Assigned
  Expiration: Unlimited
========================================================================
Worker process is ready to serve import requests
Import Worker Mode flag is 0x00
Begin MonoManager ReloadAssembly
Native extension for WindowsStandalone target not found
[Package Manager] Failed to launch server process. Reason: Unity was launched with the -noUpm command-line argument
[Package Manager] Unable to send message (not connected to server process).
[Package Manager] Cannot connect to Unity Package Manager local server
ScheduleIndexationOnStartup MainProcess:False IndexOnStartup:True
Mono: successfully reloaded assembly
- Finished resetting the current domain, in  0.814 seconds
Domain Reload Profiling: 1635ms
	BeginReloadAssembly (401ms)
		DisableScriptedObjects (11ms)
		CreateAndSetChildDomain (80ms)
	RebuildCommonClasses (27ms)
	RebuildNativeTypeToScriptingClass (47ms)
	initialDomainReloadingComplete (93ms)
	LoadAllAssembliesAndSetupDomain (250ms)
		LoadAssemblies (202ms)
		AnalyzeDomain (78ms)
			TypeCache.Refresh (60ms)
				TypeCache.ScanAssembly (13ms)
			BuildScriptInfoCaches (10ms)
			ResolveRequiredComponents (4ms)
	FinalizeReload (816ms)
		SetupLoadedEditorAssemblies (0ms)
			InitializePlatformSupportModulesInManaged (4ms)
			BeforeProcessingInitializeOnLoad (204ms)
			ProcessInitializeOnLoadAttributes (148ms)
			ProcessInitializeOnLoadMethodAttributes (149ms)
			AfterProcessingInitializeOnLoad (11ms)
		AwakeInstancesAfterBackupRestoration (6ms)
AcceleratorClientConnectionCallback - disconnected - :0
Launched and connected shader compiler UnityShaderCompiler.exe after 0.02 seconds
Unloading 0 Unused Serialized files (Serialized files now loaded: 0)
Curl error 3: URL rejected: Malformed input to a URL function
Unloading 370 unused Assets / (158.9 KB). Loaded Objects now: 993.
Memory consumption went from 158.0 MB to 157.9 MB.
Total: 11.803900 ms (FindLiveObjects: 0.235700 ms CreateObjectMapping: 0.107900 ms MarkObjects: 11.020600 ms  DeleteObjects: 0.434700 ms)

========================================================================
Received Import Request.
  Time of request: 2026-09-01T12:55:25.3536468Z
  Time since last request: 207433.16976479999721 seconds.
  importAddress: GUID: a82e49fb4744845de9a29f362e62b2e6 - Path: Assets/DMT321/CommandAckTwin/Scenes/L03_StartHere.unity - Importer: PreviewImporter
Importing 'GUID: a82e49fb4744845de9a29f362e62b2e6 - Path: Assets/DMT321/CommandAckTwin/Scenes/L03_StartHere.unity - Importer: PreviewImporter' with importer (PreviewImporter)
Imported 'GUID: a82e49fb4744845de9a29f362e62b2e6' -> (Import Result ID: '8f3fee7652957ac526b7da3474c4d572') in 0.012 seconds [static and dynamic dependencies]. Details - ImportResultOutputID=31e732c6f414e71a130bcece01c3e9b1 DependenciesID=bd6632403ee16bd66a6f45108917a415 StaticDependenciesID=e753a5cbd07196e941fa10959aa983af 
Number of updated asset objects reloaded before import = 0
Number of asset objects unloaded after import = 0
========================================================================
Received Import Request.
  Time of request: 2026-09-01T12:56:00.005208Z
  Time since last request: 34.6366952 seconds.
  importAddress: GUID: 5ce0eaa0f59b8410f900ec9dee2ebef7 - Path: Assets/DMT321/CommandAckTwin/Scripts - Importer: PreviewImporter
Importing 'GUID: 5ce0eaa0f59b8410f900ec9dee2ebef7 - Path: Assets/DMT321/CommandAckTwin/Scripts - Importer: PreviewImporter' with importer (PreviewImporter)
Imported 'GUID: 5ce0eaa0f59b8410f900ec9dee2ebef7' -> (Import Result ID: '4bab3370e8f0ff3b29f66c0331b569e4') in 0.001 seconds [static and dynamic dependencies]. Details - ImportResultOutputID=312eb140bb31baf1cca65702f9e987b3 DependenciesID=bacd7db3de40a524e8ba46db51db3f15 StaticDependenciesID=5ecb7ceca378a2373b516f8ed3d57862 
Number of updated asset objects reloaded before import = 0
Number of asset objects unloaded after import = 0
========================================================================
Received Prepare
AcceleratorClientConnectionCallback - disconnected - :0
Unloading 0 Unused Serialized files (Serialized files now loaded: 0)
Unloading 0 unused Assets / (0 B). Loaded Objects now: 995.
Memory consumption went from 158.5 MB to 158.5 MB.
Total: 11.571100 ms (FindLiveObjects: 0.161300 ms CreateObjectMapping: 0.061100 ms MarkObjects: 11.331700 ms  DeleteObjects: 0.014500 ms)

Prepare: number of updated asset objects reloaded= 0
========================================================================
Received Import Request.
  Time of request: 2026-09-01T13:03:28.6385302Z
  Time since last request: 448.6305466 seconds.
  importAddress: GUID: a82e49fb4744845de9a29f362e62b2e6 - Path: Assets/DMT321/CommandAckTwin/Scenes/L03_StartHere.unity - Importer: ScriptedImporter/UnityEditor.QuickSearchModule:UnityEditor.Search:ASIAI0B
Importing 'GUID: a82e49fb4744845de9a29f362e62b2e6 - Path: Assets/DMT321/CommandAckTwin/Scenes/L03_StartHere.unity - Importer: ScriptedImporter/UnityEditor.QuickSearchModule:UnityEditor.Search:ASIAI0B' with importer (ScriptedImporter : UnityEditor.QuickSearchModule:UnityEditor.Search:ASIAI0B)
Imported 'GUID: a82e49fb4744845de9a29f362e62b2e6' -> (Import Result ID: 'aa90d8aa32525682ef854385f98ffd74') in 0.147 seconds [static and dynamic dependencies]. Details - ImportResultOutputID=9ea9483ae3a8761f82deb9dd7aee96ba DependenciesID=6e12d811c1c01845eb2eaa8adebe11c3 StaticDependenciesID=a3bc1f1836497fd17d70ef698b45ba71 
Number of updated asset objects reloaded before import = 0
Number of asset objects unloaded after import = 1
========================================================================
Received Prepare
AcceleratorClientConnectionCallback - disconnected - :0
Unloading 0 Unused Serialized files (Serialized files now loaded: 0)
Unloading 0 unused Assets / (0 B). Loaded Objects now: 995.
Memory consumption went from 159.2 MB to 159.2 MB.
Total: 14.482000 ms (FindLiveObjects: 0.135300 ms CreateObjectMapping: 0.058500 ms MarkObjects: 14.271200 ms  DeleteObjects: 0.015000 ms)

Prepare: number of updated asset objects reloaded= 0
Editor requested this worker to shutdown with reason: Editor is closing down
AcceleratorClientConnectionCallback - disconnected - :0
AssetImportWorker is now disconnected from the server
Process exiting
Exiting without the bug reporter. Application will terminate with return code 0